2026-08-09 07:25:29 +0000 [MT] Initial pipeline context: <IDEDistributionProcessingPipelineContext: 0x78d6920900; archive(resolved)="<IDEArchive: 0x78d6675960>", distributionTask(resolved)="2", distributionDestination(resolved)="1", distributionMethod(resolved)="<IDEDistributionMethodiOSAppStoreDistribution: 0x78d67f6020>", team(resolved)="<IDEProvisioningBasicTeam: 0x78d3caeba0; teamID='J4RT98GF7B', teamName='(null)'>">
	Chain (15, self inclusive):
	<IDEDistributionProcessingPipelineContext: 0x78d6920900; archive = "<IDEArchive: 0x78d6675960>", distributionMethod="<IDEDistributionMethodiOSAppStoreDistribution: 0x78d67f6020>", team="<IDEProvisioningBasicTeam: 0x78d3caeba0; teamID='J4RT98GF7B', teamName='(null)'>">
	<IDEDistributionProcessingPipelineContext: 0x78d6920600; archive = "<IDEArchive: 0x78d6675960>", distributionMethod="<IDEDistributionMethodiOSAppStoreDistribution: 0x78d67f6020>", team="<IDEProvisioningBasicTeam: 0x78d3caeba0; teamID='J4RT98GF7B', teamName='(null)'>">
	<IDEDistributionContext: 0x78d438f200; archive = "<IDEArchive: 0x78d6675960>", distributionMethod="<IDEDistributionMethodiOSAppStoreDistribution: 0x78d67f6020>", team="<IDEProvisioningBasicTeam: 0x78d3caeba0; teamID='J4RT98GF7B', teamName='(null)'>">
	<IDEDistributionContext: 0x78d438ed00; archive = "<IDEArchive: 0x78d6675960>", distributionMethod="<IDEDistributionMethodiOSAppStoreDistribution: 0x78d67f6020>", team="<IDEProvisioningBasicTeam: 0x78d3caeba0; teamID='J4RT98GF7B', teamName='(null)'>">
	<IDEDistributionContext: 0x78d438ea80; archive = "<IDEArchive: 0x78d6675960>", distributionMethod="<IDEDistributionMethodiOSAppStoreDistribution: 0x78d67f6020>", team="<IDEProvisioningBasicTeam: 0x78d3caeba0; teamID='J4RT98GF7B', teamName='(null)'>">
	<IDEDistributionContext: 0x78d438e800; archive = "<IDEArchive: 0x78d6675960>", distributionMethod="<IDEDistributionMethodiOSAppStoreDistribution: 0x78d67f6020>", team="<IDEProvisioningBasicTeam: 0x78d3caeba0; teamID='J4RT98GF7B', teamName='(null)'>">
	<IDEDistributionContext: 0x78d438e580; archive = "<IDEArchive: 0x78d6675960>", distributionMethod="<IDEDistributionMethodiOSAppStoreDistribution: 0x78d67f6020>", team="<IDEProvisioningBasicTeam: 0x78d3caeba0; teamID='J4RT98GF7B', teamName='(null)'>">
	<IDEDistributionContext: 0x78d438e300; archive = "<IDEArchive: 0x78d6675960>", distributionMethod="<IDEDistributionMethodiOSAppStoreDistribution: 0x78d67f6020>", team="<IDEProvisioningBasicTeam: 0x78d3caeba0; teamID='J4RT98GF7B', teamName='(null)'>">
	<IDEDistributionContext: 0x78d438e080; archive = "<IDEArchive: 0x78d6675960>", distributionMethod="<IDEDistributionMethodiOSAppStoreDistribution: 0x78d67f6020>", team="<IDEProvisioningBasicTeam: 0x78d3caeba0; teamID='J4RT98GF7B', teamName='(null)'>">
	<IDEDistributionContext: 0x78d438d680; archive = "<IDEArchive: 0x78d6675960>", distributionMethod="<IDEDistributionMethodiOSAppStoreDistribution: 0x78d67f6020>", team="<IDEProvisioningBasicTeam: 0x78d3caeba0; teamID='J4RT98GF7B', teamName='(null)'>">
	<IDEDistributionContext: 0x78d438d400; archive = "<IDEArchive: 0x78d6675960>", distributionMethod="<IDEDistributionMethodiOSAppStoreDistribution: 0x78d67f6020>", team="<IDEProvisioningBasicTeam: 0x78d3caeba0; teamID='J4RT98GF7B', teamName='(null)'>">
	<IDEDistributionContext: 0x78d438cc80; archive = "<IDEArchive: 0x78d6675960>", distributionMethod="<IDEDistributionMethodiOSAppStoreDistribution: 0x78d67f6020>", team="<IDEProvisioningBasicTeam: 0x78d3caeba0; teamID='J4RT98GF7B', teamName='(null)'>">
	<IDEDistributionContext: 0x78d438ca00; archive = "<IDEArchive: 0x78d6675960>", distributionMethod="<IDEDistributionMethodiOSAppStoreDistribution: 0x78d67f6020>", team="(null)">
	<IDEDistributionContext: 0x78d438c000; archive = "<IDEArchive: 0x78d6675960>", distributionMethod="<IDEDistributionMethodiOSAppStoreDistribution: 0x78d67f6020>", team="(null)">
	<IDEDistributionContext: 0x103689cb0; archive = "<IDEArchive: 0x78d6675960>", distributionMethod="(null)", team="(null)">
</IDEDistributionProcessingPipelineContext: 0x78d6920900>
2026-08-09 07:25:29 +0000 [MT] Processing step: IDEDistributionCreateDestRootStep
2026-08-09 07:25:29 +0000 [MT] Processing step: IDEDistributionCopyItemStep
2026-08-09 07:25:29 +0000 [MT] Running /usr/bin/ditto '-V' '/Users/minghualiu/personal/EastlakeStudio/luDuan/build/luDuan.xcarchive/Products/Applications/luDuan.app' '/var/folders/yh/r0cs71bs4lsb1sdr_7wk998r0000gn/T/XcodeDistPipeline.~~~ktIa6u/Root/Payload/luDuan.app'
2026-08-09 07:25:29 +0000  >>> Copying /Users/minghualiu/personal/EastlakeStudio/luDuan/build/luDuan.xcarchive/Products/Applications/luDuan.app 
2026-08-09 07:25:29 +0000  copying file ./hanfeizi.json ... 
2026-08-09 07:25:29 +0000  587 bytes for ./hanfeizi.json
2026-08-09 07:25:29 +0000  copying file ./_CodeSignature/CodeResources ... 
2026-08-09 07:25:29 +0000  41221 bytes for ./_CodeSignature/CodeResources
2026-08-09 07:25:29 +0000  copying file ./mengzi.json ... 
2026-08-09 07:25:29 +0000  349 bytes for ./mengzi.json
2026-08-09 07:25:29 +0000  copying file ./fw_01.png ... 
2026-08-09 07:25:29 +0000  141320 bytes for ./fw_01.png
2026-08-09 07:25:29 +0000  copying file ./book_phrases.json ... 
2026-08-09 07:25:29 +0000  13761 bytes for ./book_phrases.json
2026-08-09 07:25:29 +0000  copying file ./badge_sushi.jpg ... 
2026-08-09 07:25:29 +0000  680743 bytes for ./badge_sushi.jpg
2026-08-09 07:25:29 +0000  copying file ./guoyu.json ... 
2026-08-09 07:25:29 +0000  232 bytes for ./guoyu.json
2026-08-09 07:25:29 +0000  copying file ./badge_jixiaolan.jpg ... 
2026-08-09 07:25:29 +0000  640650 bytes for ./badge_jixiaolan.jpg
2026-08-09 07:25:29 +0000  copying file ./zhaomingwenxuan.json ... 
2026-08-09 07:25:29 +0000  617 bytes for ./zhaomingwenxuan.json
2026-08-09 07:25:29 +0000  copying file ./badge_wentianxiang.jpg ... 
2026-08-09 07:25:29 +0000  1109303 bytes for ./badge_wentianxiang.jpg
2026-08-09 07:25:29 +0000  copying file ./liaozhaizhiyi.json ... 
2026-08-09 07:25:29 +0000  594 bytes for ./liaozhaizhiyi.json
2026-08-09 07:25:29 +0000  copying file ./hanshu.json ... 
2026-08-09 07:25:29 +0000  497 bytes for ./hanshu.json
2026-08-09 07:25:29 +0000  copying file ./badge_xunyu.jpg ... 
2026-08-09 07:25:29 +0000  909716 bytes for ./badge_xunyu.jpg
2026-08-09 07:25:29 +0000  copying file ./badge_quyuan.jpg ... 
2026-08-09 07:25:29 +0000  952822 bytes for ./badge_quyuan.jpg
2026-08-09 07:25:29 +0000  copying file ./tangsong.json ... 
2026-08-09 07:25:29 +0000  1617 bytes for ./tangsong.json
2026-08-09 07:25:29 +0000  copying file ./fw_03.png ... 
2026-08-09 07:25:29 +0000  113953 bytes for ./fw_03.png
2026-08-09 07:25:29 +0000  copying file ./fw_02.png ... 
2026-08-09 07:25:29 +0000  138801 bytes for ./fw_02.png
2026-08-09 07:25:29 +0000  copying file ./badge_lishangyin.jpg ... 
2026-08-09 07:25:29 +0000  1005528 bytes for ./badge_lishangyin.jpg
2026-08-09 07:25:29 +0000  copying file ./badge_zhangheng.jpg ... 
2026-08-09 07:25:29 +0000  978333 bytes for ./badge_zhangheng.jpg
2026-08-09 07:25:29 +0000  copying file ./badge_menghaoran.jpg ... 
2026-08-09 07:25:29 +0000  1193847 bytes for ./badge_menghaoran.jpg
2026-08-09 07:25:29 +0000  copying file ./badge_fangxuanling.jpg ... 
2026-08-09 07:25:29 +0000  863124 bytes for ./badge_fangxuanling.jpg
2026-08-09 07:25:29 +0000  copying file ./chenghuang_mascot_mini.jpg ... 
2026-08-09 07:25:29 +0000  627900 bytes for ./chenghuang_mascot_mini.jpg
2026-08-09 07:25:29 +0000  copying file ./shihan.json ... 
2026-08-09 07:25:29 +0000  4491 bytes for ./shihan.json
2026-08-09 07:25:29 +0000  copying file ./badge_luyou.jpg ... 
2026-08-09 07:25:29 +0000  1152266 bytes for ./badge_luyou.jpg
2026-08-09 07:25:29 +0000  copying file ./badge_zhugeliang.jpg ... 
2026-08-09 07:25:29 +0000  1016218 bytes for ./badge_zhugeliang.jpg
2026-08-09 07:25:29 +0000  copying file ./shiji.json ... 
2026-08-09 07:25:29 +0000  1295 bytes for ./shiji.json
2026-08-09 07:25:29 +0000  copying file ./zhuzijiaxun.json ... 
2026-08-09 07:25:29 +0000  517 bytes for ./zhuzijiaxun.json
2026-08-09 07:25:29 +0000  copying file ./app_icon_chenghuang.jpg ... 
2026-08-09 07:25:29 +0000  761692 bytes for ./app_icon_chenghuang.jpg
2026-08-09 07:25:29 +0000  copying file ./badge_jiangwei.jpg ... 
2026-08-09 07:25:29 +0000  1001367 bytes for ./badge_jiangwei.jpg
2026-08-09 07:25:29 +0000  copying file ./fw_12.png ... 
2026-08-09 07:25:29 +0000  147853 bytes for ./fw_12.png
2026-08-09 07:25:29 +0000  copying file ./fw_06.png ... 
2026-08-09 07:25:29 +0000  138182 bytes for ./fw_06.png
2026-08-09 07:25:29 +0000  copying file ./fw_07.png ... 
2026-08-09 07:25:29 +0000  148132 bytes for ./fw_07.png
2026-08-09 07:25:29 +0000  copying file ./badge_academic_jinshi.jpg ... 
2026-08-09 07:25:29 +0000  1005063 bytes for ./badge_academic_jinshi.jpg
2026-08-09 07:25:29 +0000  copying file ./hongloumeng.json ... 
2026-08-09 07:25:29 +0000  352 bytes for ./hongloumeng.json
2026-08-09 07:25:29 +0000  copying file ./liji.json ... 
2026-08-09 07:25:29 +0000  563 bytes for ./liji.json
2026-08-09 07:25:29 +0000  copying file ./chuci.json ... 
2026-08-09 07:25:29 +0000  491 bytes for ./chuci.json
2026-08-09 07:25:29 +0000  copying file ./badge_wangyangming.jpg ... 
2026-08-09 07:25:29 +0000  1012708 bytes for ./badge_wangyangming.jpg
2026-08-09 07:25:29 +0000  copying file ./luDuan_splash_banner.jpg ... 
2026-08-09 07:25:29 +0000  91803 bytes for ./luDuan_splash_banner.jpg
2026-08-09 07:25:29 +0000  copying file ./badge_zhuangzi.jpg ... 
2026-08-09 07:25:29 +0000  1043618 bytes for ./badge_zhuangzi.jpg
2026-08-09 07:25:29 +0000  copying file ./zizhitongjian.json ... 
2026-08-09 07:25:29 +0000  557 bytes for ./zizhitongjian.json
2026-08-09 07:25:29 +0000  copying file ./fw_05.png ... 
2026-08-09 07:25:29 +0000  149520 bytes for ./fw_05.png
2026-08-09 07:25:29 +0000  copying file ./fw_11.png ... 
2026-08-09 07:25:29 +0000  119199 bytes for ./fw_11.png
2026-08-09 07:25:29 +0000  copying file ./fw_10.png ... 
2026-08-09 07:25:29 +0000  140976 bytes for ./fw_10.png
2026-08-09 07:25:29 +0000  copying file ./fw_04.png ... 
2026-08-09 07:25:29 +0000  142711 bytes for ./fw_04.png
2026-08-09 07:25:29 +0000  copying file ./badge_linzexu.jpg ... 
2026-08-09 07:25:29 +0000  1054192 bytes for ./badge_linzexu.jpg
2026-08-09 07:25:29 +0000  copying file ./badge_xunzi.jpg ... 
2026-08-09 07:25:29 +0000  568082 bytes for ./badge_xunzi.jpg
2026-08-09 07:25:29 +0000  copying file ./sanguozhi.json ... 
2026-08-09 07:25:29 +0000  510 bytes for ./sanguozhi.json
2026-08-09 07:25:29 +0000  copying file ./songci.json ... 
2026-08-09 07:25:29 +0000  600 bytes for ./songci.json
2026-08-09 07:25:29 +0000  copying file ./badge_libai.jpg ... 
2026-08-09 07:25:29 +0000  831530 bytes for ./badge_libai.jpg
2026-08-09 07:25:29 +0000  copying file ./badge_prac_13.png ... 
2026-08-09 07:25:29 +0000  60214 bytes for ./badge_prac_13.png
2026-08-09 07:25:29 +0000  copying file ./badge_academic_juren.jpg ... 
2026-08-09 07:25:29 +0000  1061674 bytes for ./badge_academic_juren.jpg
2026-08-09 07:25:29 +0000  copying file ./badge_fanye.jpg ... 
2026-08-09 07:25:29 +0000  924542 bytes for ./badge_fanye.jpg
2026-08-09 07:25:29 +0000  copying file ./badge_zhangliang.jpg ... 
2026-08-09 07:25:29 +0000  1035845 bytes for ./badge_zhangliang.jpg
2026-08-09 07:25:29 +0000  copying file ./badge_prac_4.png ... 
2026-08-09 07:25:29 +0000  60506 bytes for ./badge_prac_4.png
2026-08-09 07:25:29 +0000  copying file ./huainanzi.json ... 
2026-08-09 07:25:29 +0000  578 bytes for ./huainanzi.json
2026-08-09 07:25:29 +0000  copying file ./badge_fanzhongyan.jpg ... 
2026-08-09 07:25:29 +0000  1037434 bytes for ./badge_fanzhongyan.jpg
2026-08-09 07:25:29 +0000  copying file ./AppIcon60x60@2x.png ... 
2026-08-09 07:25:29 +0000  23884 bytes for ./AppIcon60x60@2x.png
2026-08-09 07:25:29 +0000  copying file ./badge_prac_5.png ... 
2026-08-09 07:25:29 +0000  60039 bytes for ./badge_prac_5.png
2026-08-09 07:25:29 +0000  copying file ./badge_prac_12.png ... 
2026-08-09 07:25:29 +0000  59379 bytes for ./badge_prac_12.png
2026-08-09 07:25:29 +0000  copying file ./shangshu.json ... 
2026-08-09 07:25:29 +0000  455 bytes for ./shangshu.json
2026-08-09 07:25:29 +0000  copying file ./luDuan_mascot_user.png ... 
2026-08-09 07:25:29 +0000  1251095 bytes for ./luDuan_mascot_user.png
copying file ./badge_zhangfei.jpg ... 
2026-08-09 07:25:29 +0000  1082394 bytes for ./badge_zhangfei.jpg
copying file ./badge_liubang.jpg ... 
2026-08-09 07:25:29 +0000  1065846 bytes for ./badge_liubang.jpg
copying file ./badge_laozi.jpg ... 
2026-08-09 07:25:29 +0000  1063966 bytes for ./badge_laozi.jpg
2026-08-09 07:25:29 +0000  copying file ./badge_prac_38.png ... 
2026-08-09 07:25:29 +0000  61589 bytes for ./badge_prac_38.png
2026-08-09 07:25:29 +0000  copying file ./badge_prac_10.png ... 
2026-08-09 07:25:29 +0000  61144 bytes for ./badge_prac_10.png
2026-08-09 07:25:29 +0000  copying file ./badge_guanyu.jpg ... 
2026-08-09 07:25:29 +0000  992977 bytes for ./badge_guanyu.jpg
2026-08-09 07:25:29 +0000  copying file ./badge_prac_7.png ... 
2026-08-09 07:25:29 +0000  60997 bytes for ./badge_prac_7.png
2026-08-09 07:25:29 +0000  copying file ./badge_prac_6.png ... 
2026-08-09 07:25:29 +0000  61174 bytes for ./badge_prac_6.png
2026-08-09 07:25:29 +0000  copying file ./xunzi.json ... 
2026-08-09 07:25:29 +0000  527 bytes for ./xunzi.json
2026-08-09 07:25:29 +0000  copying file ./xiaochuangyouji.json ... 
2026-08-09 07:25:29 +0000  371 bytes for ./xiaochuangyouji.json
2026-08-09 07:25:29 +0000  copying file ./badge_prac_11.png ... 
2026-08-09 07:25:29 +0000  58722 bytes for ./badge_prac_11.png
2026-08-09 07:25:29 +0000  copying file ./badge_prac_39.png ... 
2026-08-09 07:25:29 +0000  61113 bytes for ./badge_prac_39.png
copying file ./badge_lubu.jpg ... 
2026-08-09 07:25:29 +0000  1186180 bytes for ./badge_lubu.jpg
copying file ./luDuan ... 
2026-08-09 07:25:29 +0000  934128 bytes for ./luDuan
2026-08-09 07:25:29 +0000  copying file ./badge_prac_15.png ... 
2026-08-09 07:25:29 +0000  60370 bytes for ./badge_prac_15.png
2026-08-09 07:25:29 +0000  copying file ./tangshi.json ... 
2026-08-09 07:25:29 +0000  536 bytes for ./tangshi.json
2026-08-09 07:25:29 +0000  copying file ./badge_prac_29.png ... 
2026-08-09 07:25:29 +0000  60643 bytes for ./badge_prac_29.png
copying file ./rizhilu.json ... 
2026-08-09 07:25:29 +0000  258 bytes for ./rizhilu.json
2026-08-09 07:25:29 +0000  copying file ./badge_prac_2.png ... 
2026-08-09 07:25:29 +0000  59264 bytes for ./badge_prac_2.png
2026-08-09 07:25:29 +0000  copying file ./badge_liqingzhao.jpg ... 
2026-08-09 07:25:29 +0000  1073166 bytes for ./badge_liqingzhao.jpg
2026-08-09 07:25:29 +0000  copying file ./badge_prac_3.png ... 
2026-08-09 07:25:29 +0000  59072 bytes for ./badge_prac_3.png
2026-08-09 07:25:29 +0000  copying file ./badge_luxun.jpg ... 
2026-08-09 07:25:29 +0000  1063320 bytes for ./badge_luxun.jpg
2026-08-09 07:25:29 +0000  copying file ./badge_prac_28.png ... 
2026-08-09 07:25:29 +0000  59845 bytes for ./badge_prac_28.png
2026-08-09 07:25:29 +0000  copying file ./badge_prac_14.png ... 
2026-08-09 07:25:29 +0000  60411 bytes for ./badge_prac_14.png
2026-08-09 07:25:29 +0000  copying file ./badge_hanfeizi.jpg ... 
2026-08-09 07:25:29 +0000  898543 bytes for ./badge_hanfeizi.jpg
copying file ./badge_mozi.jpg ... 
2026-08-09 07:25:29 +0000  949052 bytes for ./badge_mozi.jpg
2026-08-09 07:25:29 +0000  copying file ./badge_shiji.jpg ... 
2026-08-09 07:25:29 +0000  675877 bytes for ./badge_shiji.jpg
2026-08-09 07:25:29 +0000  copying file ./badge_prac_16.png ... 
2026-08-09 07:25:29 +0000  60481 bytes for ./badge_prac_16.png
copying file ./chuanxilu.json ... 
2026-08-09 07:25:29 +0000  341 bytes for ./chuanxilu.json
copying file ./badge_prac_1.png ... 
2026-08-09 07:25:29 +0000  61249 bytes for ./badge_prac_1.png
2026-08-09 07:25:29 +0000  copying file ./badge_simaqian.jpg ... 
2026-08-09 07:25:29 +0000  1016823 bytes for ./badge_simaqian.jpg
2026-08-09 07:25:29 +0000  copying file ./chunqiu.json ... 
2026-08-09 07:25:29 +0000  351 bytes for ./chunqiu.json
2026-08-09 07:25:29 +0000  copying file ./badge_academic_tongsheng.jpg ... 
2026-08-09 07:25:29 +0000  918468 bytes for ./badge_academic_tongsheng.jpg
2026-08-09 07:25:29 +0000  copying file ./badge_prac_17.png ... 
2026-08-09 07:25:29 +0000  60995 bytes for ./badge_prac_17.png
2026-08-09 07:25:29 +0000  copying file ./daxue.json ... 
2026-08-09 07:25:29 +0000  601 bytes for ./daxue.json
2026-08-09 07:25:29 +0000  copying file ./badge_wangwei.jpg ... 
2026-08-09 07:25:30 +0000  1083878 bytes for ./badge_wangwei.jpg
2026-08-09 07:25:30 +0000  copying file ./academic_phrases.json ... 
2026-08-09 07:25:30 +0000  3526 bytes for ./academic_phrases.json
copying file ./yanshijiaxun.json ... 
2026-08-09 07:25:30 +0000  318 bytes for ./yanshijiaxun.json
2026-08-09 07:25:30 +0000  copying file ./badge_caoxueqin.jpg ... 
2026-08-09 07:25:30 +0000  641749 bytes for ./badge_caoxueqin.jpg
copying file ./ExportOptions.plist ... 
2026-08-09 07:25:30 +0000  170 bytes for ./ExportOptions.plist
copying file ./lunyu.json ... 
2026-08-09 07:25:30 +0000  655 bytes for ./lunyu.json
copying file ./badge_prac_32.png ... 
2026-08-09 07:25:30 +0000  59988 bytes for ./badge_prac_32.png
copying file ./badge_prac_26.png ... 
2026-08-09 07:25:30 +0000  60739 bytes for ./badge_prac_26.png
copying file ./badge_jiayi.jpg ... 
2026-08-09 07:25:30 +0000  530226 bytes for ./badge_jiayi.jpg
copying file ./badge_ouyangxiu.jpg ... 
2026-08-09 07:25:30 +0000  999880 bytes for ./badge_ouyangxiu.jpg
2026-08-09 07:25:30 +0000  copying file ./badge_shijing.jpg ... 
2026-08-09 07:25:30 +0000  864440 bytes for ./badge_shijing.jpg
2026-08-09 07:25:30 +0000  copying file ./badge_liuxiang.jpg ... 
2026-08-09 07:25:30 +0000  976878 bytes for ./badge_liuxiang.jpg
2026-08-09 07:25:30 +0000  copying file ./badge_kongzi.jpg ... 
2026-08-09 07:25:30 +0000  617786 bytes for ./badge_kongzi.jpg
2026-08-09 07:25:30 +0000  copying file ./zhanguoce.json ... 
2026-08-09 07:25:30 +0000  536 bytes for ./zhanguoce.json
2026-08-09 07:25:30 +0000  copying file ./badge_prac_27.png ... 
2026-08-09 07:25:30 +0000  61258 bytes for ./badge_prac_27.png
copying file ./badge_prac_33.png ... 
2026-08-09 07:25:30 +0000  61350 bytes for ./badge_prac_33.png
2026-08-09 07:25:30 +0000  copying file ./lvshichunqiu.json ... 
2026-08-09 07:25:30 +0000  683 bytes for ./lvshichunqiu.json
2026-08-09 07:25:30 +0000  copying file ./badge_prac_19.png ... 
2026-08-09 07:25:30 +0000  61646 bytes for ./badge_prac_19.png
2026-08-09 07:25:30 +0000  copying file ./badge_prac_25.png ... 
2026-08-09 07:25:30 +0000  61061 bytes for ./badge_prac_25.png
2026-08-09 07:25:30 +0000  copying file ./badge_prac_31.png ... 
2026-08-09 07:25:30 +0000  60657 bytes for ./badge_prac_31.png
2026-08-09 07:25:30 +0000  copying file ./badge_xiaohe.jpg ... 
2026-08-09 07:25:30 +0000  983852 bytes for ./badge_xiaohe.jpg
2026-08-09 07:25:30 +0000  copying file ./Assets.car ... 
2026-08-09 07:25:30 +0000  1981720 bytes for ./Assets.car
copying file ./badge_academic_hanlin.jpg ... 
2026-08-09 07:25:30 +0000  957610 bytes for ./badge_academic_hanlin.jpg
2026-08-09 07:25:30 +0000  copying file ./badge_chenshou.jpg ... 
2026-08-09 07:25:30 +0000  909761 bytes for ./badge_chenshou.jpg
2026-08-09 07:25:30 +0000  copying file ./badge_prac_30.png ... 
2026-08-09 07:25:30 +0000  60618 bytes for ./badge_prac_30.png
2026-08-09 07:25:30 +0000  copying file ./badge_prac_24.png ... 
2026-08-09 07:25:30 +0000  60874 bytes for ./badge_prac_24.png
2026-08-09 07:25:30 +0000  copying file ./theme_books.json ... 
2026-08-09 07:25:30 +0000  17780 bytes for ./theme_books.json
2026-08-09 07:25:30 +0000  copying file ./badge_prac_18.png ... 
2026-08-09 07:25:30 +0000  61270 bytes for ./badge_prac_18.png
2026-08-09 07:25:30 +0000  copying file ./shuihuzhuan.json ... 
2026-08-09 07:25:30 +0000  545 bytes for ./shuihuzhuan.json
2026-08-09 07:25:30 +0000  copying file ./AppIcon76x76@2x~ipad.png ... 
2026-08-09 07:25:30 +0000  35709 bytes for ./AppIcon76x76@2x~ipad.png
2026-08-09 07:25:30 +0000  copying file ./badge_prac_20.png ... 
2026-08-09 07:25:30 +0000  58879 bytes for ./badge_prac_20.png
2026-08-09 07:25:30 +0000  copying file ./badge_prac_34.png ... 
2026-08-09 07:25:30 +0000  61960 bytes for ./badge_prac_34.png
2026-08-09 07:25:30 +0000  copying file ./badge_zuchongzhi.jpg ... 
2026-08-09 07:25:30 +0000  882319 bytes for ./badge_zuchongzhi.jpg
2026-08-09 07:25:30 +0000  copying file ./badge_yuefei.jpg ... 
2026-08-09 07:25:30 +0000  1142347 bytes for ./badge_yuefei.jpg
2026-08-09 07:25:30 +0000  copying file ./badge_duruhui.jpg ... 
2026-08-09 07:25:30 +0000  1068336 bytes for ./badge_duruhui.jpg
copying file ./badge_weizheng.jpg ... 
2026-08-09 07:25:30 +0000  966606 bytes for ./badge_weizheng.jpg
copying file ./badge_dufu.jpg ... 
2026-08-09 07:25:30 +0000  576467 bytes for ./badge_dufu.jpg
2026-08-09 07:25:30 +0000  copying file ./badge_baozheng.jpg ... 
2026-08-09 07:25:30 +0000  1062465 bytes for ./badge_baozheng.jpg
2026-08-09 07:25:30 +0000  copying file ./badge_prac_35.png ... 
2026-08-09 07:25:30 +0000  61032 bytes for ./badge_prac_35.png
2026-08-09 07:25:30 +0000  copying file ./badge_prac_21.png ... 
2026-08-09 07:25:30 +0000  60863 bytes for ./badge_prac_21.png
2026-08-09 07:25:30 +0000  copying file ./huajianyuefu.json ... 
2026-08-09 07:25:30 +0000  555 bytes for ./huajianyuefu.json
2026-08-09 07:25:30 +0000  copying file ./badge_prac_37.png ... 
2026-08-09 07:25:30 +0000  61216 bytes for ./badge_prac_37.png
2026-08-09 07:25:30 +0000  copying file ./badge_prac_23.png ... 
2026-08-09 07:25:30 +0000  59556 bytes for ./badge_prac_23.png
2026-08-09 07:25:30 +0000  copying file ./badge_huoqubing.jpg ... 
2026-08-09 07:25:30 +0000  766983 bytes for ./badge_huoqubing.jpg
2026-08-09 07:25:30 +0000  copying file ./badge_prac_8.png ... 
2026-08-09 07:25:30 +0000  61500 bytes for ./badge_prac_8.png
2026-08-09 07:25:30 +0000  copying file ./badge_prac_9.png ... 
2026-08-09 07:25:30 +0000  59564 bytes for ./badge_prac_9.png
2026-08-09 07:25:30 +0000  copying file ./badge_sunwu.jpg ... 
2026-08-09 07:25:30 +0000  1009381 bytes for ./badge_sunwu.jpg
2026-08-09 07:25:30 +0000  copying file ./badge_prac_22.png ... 
2026-08-09 07:25:30 +0000  58794 bytes for ./badge_prac_22.png
2026-08-09 07:25:30 +0000  copying file ./badge_prac_36.png ... 
2026-08-09 07:25:30 +0000  61262 bytes for ./badge_prac_36.png
2026-08-09 07:25:30 +0000  copying file ./sanguoyanyi.json ... 
2026-08-09 07:25:30 +0000  683 bytes for ./sanguoyanyi.json
2026-08-09 07:25:30 +0000  copying file ./zengguofanjiashu.json ... 
2026-08-09 07:25:30 +0000  344 bytes for ./zengguofanjiashu.json
2026-08-09 07:25:30 +0000  copying file ./fw_09.png ... 
2026-08-09 07:25:30 +0000  146426 bytes for ./fw_09.png
2026-08-09 07:25:30 +0000  copying file ./fw_08.png ... 
2026-08-09 07:25:30 +0000  114470 bytes for ./fw_08.png
copying file ./badge_lusu.jpg ... 
2026-08-09 07:25:30 +0000  910917 bytes for ./badge_lusu.jpg
2026-08-09 07:25:30 +0000  copying file ./badge_zhouyu.jpg ... 
2026-08-09 07:25:30 +0000  1042301 bytes for ./badge_zhouyu.jpg
2026-08-09 07:25:30 +0000  copying file ./caigentan.json ... 
2026-08-09 07:25:30 +0000  383 bytes for ./caigentan.json
2026-08-09 07:25:30 +0000  copying file ./shijing.json ... 
2026-08-09 07:25:30 +0000  1847 bytes for ./shijing.json
2026-08-09 07:25:30 +0000  copying file ./badge_bangu.jpg ... 
2026-08-09 07:25:30 +0000  881577 bytes for ./badge_bangu.jpg
2026-08-09 07:25:30 +0000  copying file ./sunzibingfa.json ... 
2026-08-09 07:25:30 +0000  644 bytes for ./sunzibingfa.json
2026-08-09 07:25:30 +0000  copying file ./badge_dumu.jpg ... 
2026-08-09 07:25:30 +0000  1231165 bytes for ./badge_dumu.jpg
2026-08-09 07:25:30 +0000  copying file ./badge_baijuyi.jpg ... 
2026-08-09 07:25:30 +0000  966721 bytes for ./badge_baijuyi.jpg
copying file ./badge_zengguofan.jpg ... 
2026-08-09 07:25:30 +0000  892613 bytes for ./badge_zengguofan.jpg
copying file ./xiyouji.json ... 
2026-08-09 07:25:30 +0000  340 bytes for ./xiyouji.json
2026-08-09 07:25:30 +0000  copying file ./zhouyi.json ... 
2026-08-09 07:25:30 +0000  426 bytes for ./zhouyi.json
2026-08-09 07:25:30 +0000  copying file ./badge_wanganshi.jpg ... 
2026-08-09 07:25:30 +0000  979758 bytes for ./badge_wanganshi.jpg
2026-08-09 07:25:30 +0000  copying file ./badges.json ... 
2026-08-09 07:25:30 +0000  51630 bytes for ./badges.json
copying file ./embedded.mobileprovision ... 
2026-08-09 07:25:30 +0000  14410 bytes for ./embedded.mobileprovision
2026-08-09 07:25:30 +0000  copying file ./badge_hanyu.jpg ... 
2026-08-09 07:25:30 +0000  1065247 bytes for ./badge_hanyu.jpg
2026-08-09 07:25:30 +0000  copying file ./badge_guojia.jpg ... 
2026-08-09 07:25:30 +0000  980980 bytes for ./badge_guojia.jpg
2026-08-09 07:25:30 +0000  copying file ./zhuangzi.json ... 
2026-08-09 07:25:30 +0000  546 bytes for ./zhuangzi.json
2026-08-09 07:25:30 +0000  copying file ./badge_xiangyu.jpg ... 
2026-08-09 07:25:30 +0000  684651 bytes for ./badge_xiangyu.jpg
2026-08-09 07:25:30 +0000  copying file ./badge_zhengchenggong.jpg ... 
2026-08-09 07:25:30 +0000  1144516 bytes for ./badge_zhengchenggong.jpg
2026-08-09 07:25:30 +0000  copying file ./daodejing.json ... 
2026-08-09 07:25:30 +0000  367 bytes for ./daodejing.json
2026-08-09 07:25:30 +0000  copying file ./Info.plist ... 
2026-08-09 07:25:30 +0000  1536 bytes for ./Info.plist
2026-08-09 07:25:30 +0000  copying file ./houhanshu.json ... 
2026-08-09 07:25:30 +0000  500 bytes for ./houhanshu.json
2026-08-09 07:25:30 +0000  copying file ./badge_weiqing.jpg ... 
2026-08-09 07:25:30 +0000  1095352 bytes for ./badge_weiqing.jpg
2026-08-09 07:25:30 +0000  copying file ./badge_xinqiji.jpg ... 
2026-08-09 07:25:30 +0000  956766 bytes for ./badge_xinqiji.jpg
2026-08-09 07:25:30 +0000  copying file ./wenxindiaolong.json ... 
2026-08-09 07:25:30 +0000  503 bytes for ./wenxindiaolong.json
2026-08-09 07:25:30 +0000  copying file ./badge_prac_40.png ... 
2026-08-09 07:25:30 +0000  60762 bytes for ./badge_prac_40.png
2026-08-09 07:25:30 +0000  copying file ./badge_liuzongyuan.jpg ... 
2026-08-09 07:25:30 +0000  1000816 bytes for ./badge_liuzongyuan.jpg
2026-08-09 07:25:30 +0000  copying file ./badge_caocao.jpg ... 
2026-08-09 07:25:30 +0000  959021 bytes for ./badge_caocao.jpg
copying file ./PkgInfo ... 
2026-08-09 07:25:30 +0000  8 bytes for ./PkgInfo
2026-08-09 07:25:30 +0000  copying file ./badge_hanxin.jpg ... 
2026-08-09 07:25:30 +0000  976083 bytes for ./badge_hanxin.jpg
2026-08-09 07:25:30 +0000  copying file ./badge_taoyuanming.jpg ... 
2026-08-09 07:25:30 +0000  1105157 bytes for ./badge_taoyuanming.jpg
2026-08-09 07:25:30 +0000  copying file ./badge_academic_xiucai.jpg ... 
2026-08-09 07:25:30 +0000  1072512 bytes for ./badge_academic_xiucai.jpg
2026-08-09 07:25:30 +0000  copying file ./badge_academic_shoufu.jpg ... 
2026-08-09 07:25:30 +0000  1018357 bytes for ./badge_academic_shoufu.jpg
2026-08-09 07:25:30 +0000  copying file ./badge_simaguang.jpg ... 
2026-08-09 07:25:30 +0000  1069793 bytes for ./badge_simaguang.jpg
2026-08-09 07:25:30 +0000  copying file ./zhongyong.json ... 
2026-08-09 07:25:30 +0000  346 bytes for ./zhongyong.json
2026-08-09 07:25:30 +0000 [MT] /usr/bin/ditto exited with 0
2026-08-09 07:25:30 +0000 [MT] Processing step: IDEDistributionEmbedProfileStep
2026-08-09 07:25:30 +0000 [MT] Processing step: IDEDistributionInfoPlistStep
2026-08-09 07:25:30 +0000 [MT] Skipping setting DTXcodeBuildDistribution because toolsBuildVersionName was nil.
2026-08-09 07:25:30 +0000 [MT] Processing step: IDEDistributionItemRemovalStep
2026-08-09 07:25:30 +0000 [MT] Processing step: IDEDistributionAppThinningPlistStep
2026-08-09 07:25:30 +0000 [MT] Skipping step: IDEDistributionAppThinningPlistStep because it said so
2026-08-09 07:25:30 +0000 [MT] Processing step: IDEDistributionSymbolsStep
2026-08-09 07:25:30 +0000 [MT] Writing /var/folders/yh/r0cs71bs4lsb1sdr_7wk998r0000gn/T/XcodeDistPipeline.~~~ktIa6u/Symbols/51BE5005-174F-3A78-8CA2-8DA2114C178A.symbols
2026-08-09 07:25:30 +0000 [MT] Processing step: IDEDistributionCopyAppleProvidedContentStep
2026-08-09 07:25:30 +0000 [MT] Processing step: IDEDistributionAppThinningStep
2026-08-09 07:25:30 +0000 [MT] Skipping step: IDEDistributionAppThinningStep because it said so
2026-08-09 07:25:30 +0000 [MT] Processing step: IDEDistributionArchThinningStep
2026-08-09 07:25:30 +0000 [MT] Archs to thin for item /Users/minghualiu/personal/EastlakeStudio/luDuan/build/luDuan.xcarchive/Products/Applications/luDuan.app are []
2026-08-09 07:25:30 +0000 [MT] Processing step: IDEDistributionODRStep
2026-08-09 07:25:30 +0000 [MT] Processing step: IDEDistributionStripXattrsStep
2026-08-09 07:25:30 +0000 [MT] Skipping stripping extended attributes because the codesign step will strip them.
2026-08-09 07:25:30 +0000 [MT] Processing step: IDEDistributionCodesignStep
2026-08-09 07:25:30 +0000 [MT] Entitlements for <IDEDistributionItem: 0x78d66e2940; bundleID='com.eastlakestudio.luduan', path='<DVTFilePath:0x78d6526e80:'/Users/minghualiu/personal/EastlakeStudio/luDuan/build/luDuan.xcarchive/Products/Applications/luDuan.app'>', codeSigningInfo='<_DVTCodeSigningInformation_Path: 0x78d66e23a0; isSigned='1', isAdHocSigned='0', signingCertificate='<DVTSigningCertificate: 0x78d6a44ee0; name='Apple Development: mingh.liu@gmail.com (UDM58BQ36Q)', hash='F2F6439D0FD1F23EB49D7E8AB4655027EED436DE', serialNumber='22E2E4C12D4863AA372EC6E960E83810', certificateKinds='(
    "1.2.840.113635.100.6.1.12",
    "1.2.840.113635.100.6.1.2"
), issueDate='2026-02-11 03:01:26 +0000''>', entitlements='{
    "application-identifier" = "J4RT98GF7B.com.eastlakestudio.luduan";
    "com.apple.developer.team-identifier" = J4RT98GF7B;
    "get-task-allow" = 1;
}', teamID='J4RT98GF7B', identifier='com.eastlakestudio.luduan', executablePath='<DVTFilePath:0x78d66e15c0:'/Users/minghualiu/personal/EastlakeStudio/luDuan/build/luDuan.xcarchive/Products/Applications/luDuan.app/luDuan'>', hardenedRuntime='0'>'>: {
    "application-identifier" = "J4RT98GF7B.com.eastlakestudio.luduan";
    "beta-reports-active" = 1;
    "com.apple.developer.team-identifier" = J4RT98GF7B;
    "get-task-allow" = 0;
}
2026-08-09 07:25:30 +0000 [MT] Associated App Clip Identifiers Filter: Skipping because "com.apple.developer.associated-appclip-app-identifiers" is not present
2026-08-09 07:25:30 +0000 [MT] Entitlements for <IDEDistributionItem: 0x78d66e2940; bundleID='com.eastlakestudio.luduan', path='<DVTFilePath:0x78d6526e80:'/Users/minghualiu/personal/EastlakeStudio/luDuan/build/luDuan.xcarchive/Products/Applications/luDuan.app'>', codeSigningInfo='<_DVTCodeSigningInformation_Path: 0x78d66e23a0; isSigned='1', isAdHocSigned='0', signingCertificate='<DVTSigningCertificate: 0x78d6a44ee0; name='Apple Development: mingh.liu@gmail.com (UDM58BQ36Q)', hash='F2F6439D0FD1F23EB49D7E8AB4655027EED436DE', serialNumber='22E2E4C12D4863AA372EC6E960E83810', certificateKinds='(
    "1.2.840.113635.100.6.1.12",
    "1.2.840.113635.100.6.1.2"
), issueDate='2026-02-11 03:01:26 +0000''>', entitlements='{
    "application-identifier" = "J4RT98GF7B.com.eastlakestudio.luduan";
    "com.apple.developer.team-identifier" = J4RT98GF7B;
    "get-task-allow" = 1;
}', teamID='J4RT98GF7B', identifier='com.eastlakestudio.luduan', executablePath='<DVTFilePath:0x78d66e15c0:'/Users/minghualiu/personal/EastlakeStudio/luDuan/build/luDuan.xcarchive/Products/Applications/luDuan.app/luDuan'>', hardenedRuntime='0'>'> are: {
    "application-identifier" = "J4RT98GF7B.com.eastlakestudio.luduan";
    "beta-reports-active" = 1;
    "com.apple.developer.team-identifier" = J4RT98GF7B;
    "get-task-allow" = 0;
}
2026-08-09 07:25:30 +0000 [MT] Writing entitlements for <IDEDistributionItem: 0x78d66e2940; bundleID='com.eastlakestudio.luduan', path='<DVTFilePath:0x78d6526e80:'/Users/minghualiu/personal/EastlakeStudio/luDuan/build/luDuan.xcarchive/Products/Applications/luDuan.app'>', codeSigningInfo='<_DVTCodeSigningInformation_Path: 0x78d66e23a0; isSigned='1', isAdHocSigned='0', signingCertificate='<DVTSigningCertificate: 0x78d6a44ee0; name='Apple Development: mingh.liu@gmail.com (UDM58BQ36Q)', hash='F2F6439D0FD1F23EB49D7E8AB4655027EED436DE', serialNumber='22E2E4C12D4863AA372EC6E960E83810', certificateKinds='(
    "1.2.840.113635.100.6.1.12",
    "1.2.840.113635.100.6.1.2"
), issueDate='2026-02-11 03:01:26 +0000''>', entitlements='{
    "application-identifier" = "J4RT98GF7B.com.eastlakestudio.luduan";
    "com.apple.developer.team-identifier" = J4RT98GF7B;
    "get-task-allow" = 1;
}', teamID='J4RT98GF7B', identifier='com.eastlakestudio.luduan', executablePath='<DVTFilePath:0x78d66e15c0:'/Users/minghualiu/personal/EastlakeStudio/luDuan/build/luDuan.xcarchive/Products/Applications/luDuan.app/luDuan'>', hardenedRuntime='0'>'> to: /var/folders/yh/r0cs71bs4lsb1sdr_7wk998r0000gn/T/XcodeDistPipeline.~~~ktIa6u/entitlements~~~GsB4YO
2026-08-09 07:25:30 +0000 [MT] invoking codesign: <NSConcreteTask: 0x78d3dbf9d0; launchPath='/usr/bin/codesign', arguments='(
    "-f",
    "-s",
    EA391198C3EF90121ABB36EF18A4AC42119204CE,
    "--entitlements",
    "/var/folders/yh/r0cs71bs4lsb1sdr_7wk998r0000gn/T/XcodeDistPipeline.~~~ktIa6u/entitlements~~~GsB4YO",
    "--preserve-metadata=identifier,flags,runtime,launch-constraints,library-constraints",
    "--generate-entitlement-der",
    "--strip-disallowed-xattrs",
    "-vvv",
    "/var/folders/yh/r0cs71bs4lsb1sdr_7wk998r0000gn/T/XcodeDistPipeline.~~~ktIa6u/Root/Payload/luDuan.app"
)'>
2026-08-09 07:25:30 +0000 [MT] codesign output: /var/folders/yh/r0cs71bs4lsb1sdr_7wk998r0000gn/T/XcodeDistPipeline.~~~ktIa6u/Root/Payload/luDuan.app: replacing existing signature
/var/folders/yh/r0cs71bs4lsb1sdr_7wk998r0000gn/T/XcodeDistPipeline.~~~ktIa6u/Root/Payload/luDuan.app: signed app bundle with Mach-O thin (arm64) [com.eastlakestudio.luduan]
2026-08-09 07:25:30 +0000 [MT] Processing step: IDEDistributionZipODRItemStep
2026-08-09 07:25:30 +0000 [MT] Skipping step: IDEDistributionZipODRItemStep because it said so
2026-08-09 07:25:30 +0000 [MT] Processing step: IDEDistributionCreateIPAStep
2026-08-09 07:25:30 +0000 [MT] Running /usr/bin/rsync '-8aPhhE' '/var/folders/yh/r0cs71bs4lsb1sdr_7wk998r0000gn/T/XcodeDistPipeline.~~~ktIa6u/Symbols' '--link-dest' '/var/folders/yh/r0cs71bs4lsb1sdr_7wk998r0000gn/T/XcodeDistPipeline.~~~ktIa6u' '/var/folders/yh/r0cs71bs4lsb1sdr_7wk998r0000gn/T/XcodeDistPipeline.~~~ktIa6u/Root'
2026-08-09 07:25:30 +0000  Symbols/
._Symbols
            163 170%    3.79MB/s   00:00:00 (xfer#1, to-check=0/4)
2026-08-09 07:25:30 +0000  Symbols/51BE5005-174F-3A78-8CA2-8DA2114C178A.symbols
Symbols/._51BE5005-174F-3A78-8CA2-8DA2114C178A.symbols
            163   0%  361.09KB/s   00:00:00 (xfer#2, to-check=2/4)
2026-08-09 07:25:30 +0000 [MT] /usr/bin/rsync exited with 0
2026-08-09 07:25:30 +0000 [MT] Running /usr/bin/ditto '-V' '-c' '-k' '--norsrc' '/var/folders/yh/r0cs71bs4lsb1sdr_7wk998r0000gn/T/XcodeDistPipeline.~~~ktIa6u/Root' '/var/folders/yh/r0cs71bs4lsb1sdr_7wk998r0000gn/T/XcodeDistPipeline.~~~ktIa6u/Packages/luDuan.ipa'
2026-08-09 07:25:30 +0000  >>> Copying /var/folders/yh/r0cs71bs4lsb1sdr_7wk998r0000gn/T/XcodeDistPipeline.~~~ktIa6u/Root 
2026-08-09 07:25:30 +0000  copying file ./Payload/luDuan.app/hanfeizi.json ... 
2026-08-09 07:25:30 +0000  587 bytes for ./Payload/luDuan.app/hanfeizi.json
2026-08-09 07:25:30 +0000  copying file ./Payload/luDuan.app/_CodeSignature/CodeResources ... 
2026-08-09 07:25:30 +0000  41221 bytes for ./Payload/luDuan.app/_CodeSignature/CodeResources
2026-08-09 07:25:30 +0000  copying file ./Payload/luDuan.app/mengzi.json ... 
2026-08-09 07:25:30 +0000  349 bytes for ./Payload/luDuan.app/mengzi.json
2026-08-09 07:25:30 +0000  copying file ./Payload/luDuan.app/fw_01.png ... 
2026-08-09 07:25:30 +0000  141320 bytes for ./Payload/luDuan.app/fw_01.png
2026-08-09 07:25:30 +0000  copying file ./Payload/luDuan.app/book_phrases.json ... 
2026-08-09 07:25:30 +0000  13761 bytes for ./Payload/luDuan.app/book_phrases.json
2026-08-09 07:25:30 +0000  copying file ./Payload/luDuan.app/badge_sushi.jpg ... 
2026-08-09 07:25:30 +0000  680743 bytes for ./Payload/luDuan.app/badge_sushi.jpg
2026-08-09 07:25:30 +0000  copying file ./Payload/luDuan.app/guoyu.json ... 
2026-08-09 07:25:30 +0000  232 bytes for ./Payload/luDuan.app/guoyu.json
2026-08-09 07:25:30 +0000  copying file ./Payload/luDuan.app/badge_jixiaolan.jpg ... 
2026-08-09 07:25:30 +0000  640650 bytes for ./Payload/luDuan.app/badge_jixiaolan.jpg
2026-08-09 07:25:30 +0000  copying file ./Payload/luDuan.app/zhaomingwenxuan.json ... 
2026-08-09 07:25:30 +0000  617 bytes for ./Payload/luDuan.app/zhaomingwenxuan.json
2026-08-09 07:25:30 +0000  copying file ./Payload/luDuan.app/badge_wentianxiang.jpg ... 
2026-08-09 07:25:30 +0000  1109303 bytes for ./Payload/luDuan.app/badge_wentianxiang.jpg
2026-08-09 07:25:30 +0000  copying file ./Payload/luDuan.app/liaozhaizhiyi.json ... 
594 bytes for ./Payload/luDuan.app/liaozhaizhiyi.json
2026-08-09 07:25:30 +0000  copying file ./Payload/luDuan.app/hanshu.json ... 
497 bytes for ./Payload/luDuan.app/hanshu.json
2026-08-09 07:25:30 +0000  copying file ./Payload/luDuan.app/badge_xunyu.jpg ... 
2026-08-09 07:25:30 +0000  909716 bytes for ./Payload/luDuan.app/badge_xunyu.jpg
2026-08-09 07:25:30 +0000  copying file ./Payload/luDuan.app/badge_quyuan.jpg ... 
2026-08-09 07:25:30 +0000  952822 bytes for ./Payload/luDuan.app/badge_quyuan.jpg
2026-08-09 07:25:30 +0000  copying file ./Payload/luDuan.app/tangsong.json ... 
2026-08-09 07:25:30 +0000  1617 bytes for ./Payload/luDuan.app/tangsong.json
2026-08-09 07:25:30 +0000  copying file ./Payload/luDuan.app/fw_03.png ... 
2026-08-09 07:25:30 +0000  113953 bytes for ./Payload/luDuan.app/fw_03.png
2026-08-09 07:25:30 +0000  copying file ./Payload/luDuan.app/fw_02.png ... 
2026-08-09 07:25:30 +0000  138801 bytes for ./Payload/luDuan.app/fw_02.png
2026-08-09 07:25:30 +0000  copying file ./Payload/luDuan.app/badge_lishangyin.jpg ... 
2026-08-09 07:25:30 +0000  1005528 bytes for ./Payload/luDuan.app/badge_lishangyin.jpg
2026-08-09 07:25:30 +0000  copying file ./Payload/luDuan.app/badge_zhangheng.jpg ... 
2026-08-09 07:25:30 +0000  978333 bytes for ./Payload/luDuan.app/badge_zhangheng.jpg
2026-08-09 07:25:30 +0000  copying file ./Payload/luDuan.app/badge_menghaoran.jpg ... 
2026-08-09 07:25:30 +0000  1193847 bytes for ./Payload/luDuan.app/badge_menghaoran.jpg
2026-08-09 07:25:30 +0000  copying file ./Payload/luDuan.app/badge_fangxuanling.jpg ... 
2026-08-09 07:25:30 +0000  863124 bytes for ./Payload/luDuan.app/badge_fangxuanling.jpg
2026-08-09 07:25:30 +0000  copying file ./Payload/luDuan.app/chenghuang_mascot_mini.jpg ... 
2026-08-09 07:25:30 +0000  627900 bytes for ./Payload/luDuan.app/chenghuang_mascot_mini.jpg
2026-08-09 07:25:30 +0000  copying file ./Payload/luDuan.app/shihan.json ... 
2026-08-09 07:25:30 +0000  4491 bytes for ./Payload/luDuan.app/shihan.json
2026-08-09 07:25:30 +0000  copying file ./Payload/luDuan.app/badge_luyou.jpg ... 
2026-08-09 07:25:30 +0000  1152266 bytes for ./Payload/luDuan.app/badge_luyou.jpg
2026-08-09 07:25:30 +0000  copying file ./Payload/luDuan.app/badge_zhugeliang.jpg ... 
2026-08-09 07:25:30 +0000  1016218 bytes for ./Payload/luDuan.app/badge_zhugeliang.jpg
2026-08-09 07:25:30 +0000  copying file ./Payload/luDuan.app/shiji.json ... 
1295 bytes for ./Payload/luDuan.app/shiji.json
2026-08-09 07:25:30 +0000  copying file ./Payload/luDuan.app/zhuzijiaxun.json ... 
2026-08-09 07:25:30 +0000  517 bytes for ./Payload/luDuan.app/zhuzijiaxun.json
copying file ./Payload/luDuan.app/app_icon_chenghuang.jpg ... 
2026-08-09 07:25:30 +0000  761692 bytes for ./Payload/luDuan.app/app_icon_chenghuang.jpg
2026-08-09 07:25:30 +0000  copying file ./Payload/luDuan.app/badge_jiangwei.jpg ... 
2026-08-09 07:25:30 +0000  1001367 bytes for ./Payload/luDuan.app/badge_jiangwei.jpg
2026-08-09 07:25:30 +0000  copying file ./Payload/luDuan.app/fw_12.png ... 
2026-08-09 07:25:30 +0000  147853 bytes for ./Payload/luDuan.app/fw_12.png
2026-08-09 07:25:30 +0000  copying file ./Payload/luDuan.app/fw_06.png ... 
2026-08-09 07:25:30 +0000  138182 bytes for ./Payload/luDuan.app/fw_06.png
2026-08-09 07:25:30 +0000  copying file ./Payload/luDuan.app/fw_07.png ... 
2026-08-09 07:25:30 +0000  148132 bytes for ./Payload/luDuan.app/fw_07.png
2026-08-09 07:25:30 +0000  copying file ./Payload/luDuan.app/badge_academic_jinshi.jpg ... 
2026-08-09 07:25:30 +0000  1005063 bytes for ./Payload/luDuan.app/badge_academic_jinshi.jpg
2026-08-09 07:25:30 +0000  copying file ./Payload/luDuan.app/hongloumeng.json ... 
352 bytes for ./Payload/luDuan.app/hongloumeng.json
2026-08-09 07:25:30 +0000  copying file ./Payload/luDuan.app/liji.json ... 
2026-08-09 07:25:30 +0000  563 bytes for ./Payload/luDuan.app/liji.json
2026-08-09 07:25:30 +0000  copying file ./Payload/luDuan.app/chuci.json ... 
2026-08-09 07:25:30 +0000  491 bytes for ./Payload/luDuan.app/chuci.json
2026-08-09 07:25:30 +0000  copying file ./Payload/luDuan.app/badge_wangyangming.jpg ... 
2026-08-09 07:25:30 +0000  1012708 bytes for ./Payload/luDuan.app/badge_wangyangming.jpg
2026-08-09 07:25:30 +0000  copying file ./Payload/luDuan.app/luDuan_splash_banner.jpg ... 
2026-08-09 07:25:30 +0000  91803 bytes for ./Payload/luDuan.app/luDuan_splash_banner.jpg
2026-08-09 07:25:30 +0000  copying file ./Payload/luDuan.app/badge_zhuangzi.jpg ... 
2026-08-09 07:25:30 +0000  1043618 bytes for ./Payload/luDuan.app/badge_zhuangzi.jpg
2026-08-09 07:25:30 +0000  copying file ./Payload/luDuan.app/zizhitongjian.json ... 
557 bytes for ./Payload/luDuan.app/zizhitongjian.json
2026-08-09 07:25:30 +0000  copying file ./Payload/luDuan.app/fw_05.png ... 
2026-08-09 07:25:30 +0000  149520 bytes for ./Payload/luDuan.app/fw_05.png
2026-08-09 07:25:30 +0000  copying file ./Payload/luDuan.app/fw_11.png ... 
2026-08-09 07:25:30 +0000  119199 bytes for ./Payload/luDuan.app/fw_11.png
2026-08-09 07:25:30 +0000  copying file ./Payload/luDuan.app/fw_10.png ... 
2026-08-09 07:25:30 +0000  140976 bytes for ./Payload/luDuan.app/fw_10.png
2026-08-09 07:25:30 +0000  copying file ./Payload/luDuan.app/fw_04.png ... 
2026-08-09 07:25:30 +0000  142711 bytes for ./Payload/luDuan.app/fw_04.png
2026-08-09 07:25:30 +0000  copying file ./Payload/luDuan.app/badge_linzexu.jpg ... 
2026-08-09 07:25:30 +0000  1054192 bytes for ./Payload/luDuan.app/badge_linzexu.jpg
2026-08-09 07:25:30 +0000  copying file ./Payload/luDuan.app/badge_xunzi.jpg ... 
2026-08-09 07:25:30 +0000  568082 bytes for ./Payload/luDuan.app/badge_xunzi.jpg
2026-08-09 07:25:30 +0000  copying file ./Payload/luDuan.app/sanguozhi.json ... 
2026-08-09 07:25:30 +0000  510 bytes for ./Payload/luDuan.app/sanguozhi.json
2026-08-09 07:25:30 +0000  copying file ./Payload/luDuan.app/songci.json ... 
2026-08-09 07:25:30 +0000  600 bytes for ./Payload/luDuan.app/songci.json
2026-08-09 07:25:30 +0000  copying file ./Payload/luDuan.app/badge_libai.jpg ... 
2026-08-09 07:25:30 +0000  831530 bytes for ./Payload/luDuan.app/badge_libai.jpg
2026-08-09 07:25:30 +0000  copying file ./Payload/luDuan.app/badge_prac_13.png ... 
2026-08-09 07:25:30 +0000  60214 bytes for ./Payload/luDuan.app/badge_prac_13.png
2026-08-09 07:25:30 +0000  copying file ./Payload/luDuan.app/badge_academic_juren.jpg ... 
2026-08-09 07:25:30 +0000  1061674 bytes for ./Payload/luDuan.app/badge_academic_juren.jpg
2026-08-09 07:25:30 +0000  copying file ./Payload/luDuan.app/badge_fanye.jpg ... 
2026-08-09 07:25:30 +0000  924542 bytes for ./Payload/luDuan.app/badge_fanye.jpg
2026-08-09 07:25:30 +0000  copying file ./Payload/luDuan.app/badge_zhangliang.jpg ... 
2026-08-09 07:25:30 +0000  1035845 bytes for ./Payload/luDuan.app/badge_zhangliang.jpg
2026-08-09 07:25:30 +0000  copying file ./Payload/luDuan.app/badge_prac_4.png ... 
2026-08-09 07:25:30 +0000  60506 bytes for ./Payload/luDuan.app/badge_prac_4.png
2026-08-09 07:25:30 +0000  copying file ./Payload/luDuan.app/huainanzi.json ... 
2026-08-09 07:25:30 +0000  578 bytes for ./Payload/luDuan.app/huainanzi.json
2026-08-09 07:25:30 +0000  copying file ./Payload/luDuan.app/badge_fanzhongyan.jpg ... 
2026-08-09 07:25:30 +0000  1037434 bytes for ./Payload/luDuan.app/badge_fanzhongyan.jpg
2026-08-09 07:25:30 +0000  copying file ./Payload/luDuan.app/AppIcon60x60@2x.png ... 
2026-08-09 07:25:30 +0000  23884 bytes for ./Payload/luDuan.app/AppIcon60x60@2x.png
2026-08-09 07:25:30 +0000  copying file ./Payload/luDuan.app/badge_prac_5.png ... 
2026-08-09 07:25:30 +0000  60039 bytes for ./Payload/luDuan.app/badge_prac_5.png
2026-08-09 07:25:30 +0000  copying file ./Payload/luDuan.app/badge_prac_12.png ... 
2026-08-09 07:25:30 +0000  59379 bytes for ./Payload/luDuan.app/badge_prac_12.png
2026-08-09 07:25:30 +0000  copying file ./Payload/luDuan.app/shangshu.json ... 
2026-08-09 07:25:30 +0000  455 bytes for ./Payload/luDuan.app/shangshu.json
2026-08-09 07:25:30 +0000  copying file ./Payload/luDuan.app/luDuan_mascot_user.png ... 
2026-08-09 07:25:30 +0000  1251095 bytes for ./Payload/luDuan.app/luDuan_mascot_user.png
2026-08-09 07:25:30 +0000  copying file ./Payload/luDuan.app/badge_zhangfei.jpg ... 
2026-08-09 07:25:30 +0000  1082394 bytes for ./Payload/luDuan.app/badge_zhangfei.jpg
2026-08-09 07:25:30 +0000  copying file ./Payload/luDuan.app/badge_liubang.jpg ... 
2026-08-09 07:25:30 +0000  1065846 bytes for ./Payload/luDuan.app/badge_liubang.jpg
2026-08-09 07:25:30 +0000  copying file ./Payload/luDuan.app/badge_laozi.jpg ... 
2026-08-09 07:25:30 +0000  1063966 bytes for ./Payload/luDuan.app/badge_laozi.jpg
2026-08-09 07:25:30 +0000  copying file ./Payload/luDuan.app/badge_prac_38.png ... 
2026-08-09 07:25:30 +0000  61589 bytes for ./Payload/luDuan.app/badge_prac_38.png
2026-08-09 07:25:30 +0000  copying file ./Payload/luDuan.app/badge_prac_10.png ... 
2026-08-09 07:25:30 +0000  61144 bytes for ./Payload/luDuan.app/badge_prac_10.png
2026-08-09 07:25:30 +0000  copying file ./Payload/luDuan.app/badge_guanyu.jpg ... 
2026-08-09 07:25:30 +0000  992977 bytes for ./Payload/luDuan.app/badge_guanyu.jpg
2026-08-09 07:25:30 +0000  copying file ./Payload/luDuan.app/badge_prac_7.png ... 
2026-08-09 07:25:30 +0000  60997 bytes for ./Payload/luDuan.app/badge_prac_7.png
2026-08-09 07:25:30 +0000  copying file ./Payload/luDuan.app/badge_prac_6.png ... 
2026-08-09 07:25:30 +0000  61174 bytes for ./Payload/luDuan.app/badge_prac_6.png
2026-08-09 07:25:30 +0000  copying file ./Payload/luDuan.app/xunzi.json ... 
2026-08-09 07:25:30 +0000  527 bytes for ./Payload/luDuan.app/xunzi.json
2026-08-09 07:25:30 +0000  copying file ./Payload/luDuan.app/xiaochuangyouji.json ... 
2026-08-09 07:25:30 +0000  371 bytes for ./Payload/luDuan.app/xiaochuangyouji.json
copying file ./Payload/luDuan.app/badge_prac_11.png ... 
2026-08-09 07:25:30 +0000  58722 bytes for ./Payload/luDuan.app/badge_prac_11.png
2026-08-09 07:25:30 +0000  copying file ./Payload/luDuan.app/badge_prac_39.png ... 
2026-08-09 07:25:30 +0000  61113 bytes for ./Payload/luDuan.app/badge_prac_39.png
2026-08-09 07:25:30 +0000  copying file ./Payload/luDuan.app/badge_lubu.jpg ... 
2026-08-09 07:25:30 +0000  1186180 bytes for ./Payload/luDuan.app/badge_lubu.jpg
2026-08-09 07:25:30 +0000  copying file ./Payload/luDuan.app/luDuan ... 
2026-08-09 07:25:30 +0000  934192 bytes for ./Payload/luDuan.app/luDuan
2026-08-09 07:25:30 +0000  copying file ./Payload/luDuan.app/badge_prac_15.png ... 
2026-08-09 07:25:30 +0000  60370 bytes for ./Payload/luDuan.app/badge_prac_15.png
2026-08-09 07:25:30 +0000  copying file ./Payload/luDuan.app/tangshi.json ... 
2026-08-09 07:25:30 +0000  536 bytes for ./Payload/luDuan.app/tangshi.json
2026-08-09 07:25:30 +0000  copying file ./Payload/luDuan.app/badge_prac_29.png ... 
2026-08-09 07:25:30 +0000  60643 bytes for ./Payload/luDuan.app/badge_prac_29.png
2026-08-09 07:25:30 +0000  copying file ./Payload/luDuan.app/rizhilu.json ... 
2026-08-09 07:25:30 +0000  258 bytes for ./Payload/luDuan.app/rizhilu.json
2026-08-09 07:25:30 +0000  copying file ./Payload/luDuan.app/badge_prac_2.png ... 
2026-08-09 07:25:30 +0000  59264 bytes for ./Payload/luDuan.app/badge_prac_2.png
2026-08-09 07:25:30 +0000  copying file ./Payload/luDuan.app/badge_liqingzhao.jpg ... 
2026-08-09 07:25:30 +0000  1073166 bytes for ./Payload/luDuan.app/badge_liqingzhao.jpg
2026-08-09 07:25:30 +0000  copying file ./Payload/luDuan.app/badge_prac_3.png ... 
2026-08-09 07:25:30 +0000  59072 bytes for ./Payload/luDuan.app/badge_prac_3.png
2026-08-09 07:25:30 +0000  copying file ./Payload/luDuan.app/badge_luxun.jpg ... 
2026-08-09 07:25:30 +0000  1063320 bytes for ./Payload/luDuan.app/badge_luxun.jpg
2026-08-09 07:25:30 +0000  copying file ./Payload/luDuan.app/badge_prac_28.png ... 
2026-08-09 07:25:30 +0000  59845 bytes for ./Payload/luDuan.app/badge_prac_28.png
2026-08-09 07:25:30 +0000  copying file ./Payload/luDuan.app/badge_prac_14.png ... 
2026-08-09 07:25:30 +0000  60411 bytes for ./Payload/luDuan.app/badge_prac_14.png
2026-08-09 07:25:30 +0000  copying file ./Payload/luDuan.app/badge_hanfeizi.jpg ... 
2026-08-09 07:25:31 +0000  898543 bytes for ./Payload/luDuan.app/badge_hanfeizi.jpg
2026-08-09 07:25:31 +0000  copying file ./Payload/luDuan.app/badge_mozi.jpg ... 
2026-08-09 07:25:31 +0000  949052 bytes for ./Payload/luDuan.app/badge_mozi.jpg
2026-08-09 07:25:31 +0000  copying file ./Payload/luDuan.app/badge_shiji.jpg ... 
2026-08-09 07:25:31 +0000  675877 bytes for ./Payload/luDuan.app/badge_shiji.jpg
2026-08-09 07:25:31 +0000  copying file ./Payload/luDuan.app/badge_prac_16.png ... 
2026-08-09 07:25:31 +0000  60481 bytes for ./Payload/luDuan.app/badge_prac_16.png
2026-08-09 07:25:31 +0000  copying file ./Payload/luDuan.app/chuanxilu.json ... 
2026-08-09 07:25:31 +0000  341 bytes for ./Payload/luDuan.app/chuanxilu.json
2026-08-09 07:25:31 +0000  copying file ./Payload/luDuan.app/badge_prac_1.png ... 
2026-08-09 07:25:31 +0000  61249 bytes for ./Payload/luDuan.app/badge_prac_1.png
2026-08-09 07:25:31 +0000  copying file ./Payload/luDuan.app/badge_simaqian.jpg ... 
2026-08-09 07:25:31 +0000  1016823 bytes for ./Payload/luDuan.app/badge_simaqian.jpg
2026-08-09 07:25:31 +0000  copying file ./Payload/luDuan.app/chunqiu.json ... 
2026-08-09 07:25:31 +0000  351 bytes for ./Payload/luDuan.app/chunqiu.json
2026-08-09 07:25:31 +0000  copying file ./Payload/luDuan.app/badge_academic_tongsheng.jpg ... 
2026-08-09 07:25:31 +0000  918468 bytes for ./Payload/luDuan.app/badge_academic_tongsheng.jpg
2026-08-09 07:25:31 +0000  copying file ./Payload/luDuan.app/badge_prac_17.png ... 
2026-08-09 07:25:31 +0000  60995 bytes for ./Payload/luDuan.app/badge_prac_17.png
2026-08-09 07:25:31 +0000  copying file ./Payload/luDuan.app/daxue.json ... 
2026-08-09 07:25:31 +0000  601 bytes for ./Payload/luDuan.app/daxue.json
2026-08-09 07:25:31 +0000  copying file ./Payload/luDuan.app/badge_wangwei.jpg ... 
2026-08-09 07:25:31 +0000  1083878 bytes for ./Payload/luDuan.app/badge_wangwei.jpg
2026-08-09 07:25:31 +0000  copying file ./Payload/luDuan.app/academic_phrases.json ... 
2026-08-09 07:25:31 +0000  3526 bytes for ./Payload/luDuan.app/academic_phrases.json
2026-08-09 07:25:31 +0000  copying file ./Payload/luDuan.app/yanshijiaxun.json ... 
2026-08-09 07:25:31 +0000  318 bytes for ./Payload/luDuan.app/yanshijiaxun.json
2026-08-09 07:25:31 +0000  copying file ./Payload/luDuan.app/badge_caoxueqin.jpg ... 
2026-08-09 07:25:31 +0000  641749 bytes for ./Payload/luDuan.app/badge_caoxueqin.jpg
2026-08-09 07:25:31 +0000  copying file ./Payload/luDuan.app/ExportOptions.plist ... 
170 bytes for ./Payload/luDuan.app/ExportOptions.plist
2026-08-09 07:25:31 +0000  copying file ./Payload/luDuan.app/lunyu.json ... 
2026-08-09 07:25:31 +0000  655 bytes for ./Payload/luDuan.app/lunyu.json
copying file ./Payload/luDuan.app/badge_prac_32.png ... 
2026-08-09 07:25:31 +0000  59988 bytes for ./Payload/luDuan.app/badge_prac_32.png
2026-08-09 07:25:31 +0000  copying file ./Payload/luDuan.app/badge_prac_26.png ... 
2026-08-09 07:25:31 +0000  60739 bytes for ./Payload/luDuan.app/badge_prac_26.png
2026-08-09 07:25:31 +0000  copying file ./Payload/luDuan.app/badge_jiayi.jpg ... 
2026-08-09 07:25:31 +0000  530226 bytes for ./Payload/luDuan.app/badge_jiayi.jpg
2026-08-09 07:25:31 +0000  copying file ./Payload/luDuan.app/badge_ouyangxiu.jpg ... 
2026-08-09 07:25:31 +0000  999880 bytes for ./Payload/luDuan.app/badge_ouyangxiu.jpg
2026-08-09 07:25:31 +0000  copying file ./Payload/luDuan.app/badge_shijing.jpg ... 
2026-08-09 07:25:31 +0000  864440 bytes for ./Payload/luDuan.app/badge_shijing.jpg
2026-08-09 07:25:31 +0000  copying file ./Payload/luDuan.app/badge_liuxiang.jpg ... 
2026-08-09 07:25:31 +0000  976878 bytes for ./Payload/luDuan.app/badge_liuxiang.jpg
2026-08-09 07:25:31 +0000  copying file ./Payload/luDuan.app/badge_kongzi.jpg ... 
2026-08-09 07:25:31 +0000  617786 bytes for ./Payload/luDuan.app/badge_kongzi.jpg
2026-08-09 07:25:31 +0000  copying file ./Payload/luDuan.app/zhanguoce.json ... 
2026-08-09 07:25:31 +0000  536 bytes for ./Payload/luDuan.app/zhanguoce.json
2026-08-09 07:25:31 +0000  copying file ./Payload/luDuan.app/badge_prac_27.png ... 
2026-08-09 07:25:31 +0000  61258 bytes for ./Payload/luDuan.app/badge_prac_27.png
2026-08-09 07:25:31 +0000  copying file ./Payload/luDuan.app/badge_prac_33.png ... 
2026-08-09 07:25:31 +0000  61350 bytes for ./Payload/luDuan.app/badge_prac_33.png
2026-08-09 07:25:31 +0000  copying file ./Payload/luDuan.app/lvshichunqiu.json ... 
2026-08-09 07:25:31 +0000  683 bytes for ./Payload/luDuan.app/lvshichunqiu.json
2026-08-09 07:25:31 +0000  copying file ./Payload/luDuan.app/badge_prac_19.png ... 
2026-08-09 07:25:31 +0000  61646 bytes for ./Payload/luDuan.app/badge_prac_19.png
2026-08-09 07:25:31 +0000  copying file ./Payload/luDuan.app/badge_prac_25.png ... 
2026-08-09 07:25:31 +0000  61061 bytes for ./Payload/luDuan.app/badge_prac_25.png
2026-08-09 07:25:31 +0000  copying file ./Payload/luDuan.app/badge_prac_31.png ... 
2026-08-09 07:25:31 +0000  60657 bytes for ./Payload/luDuan.app/badge_prac_31.png
2026-08-09 07:25:31 +0000  copying file ./Payload/luDuan.app/badge_xiaohe.jpg ... 
2026-08-09 07:25:31 +0000  983852 bytes for ./Payload/luDuan.app/badge_xiaohe.jpg
2026-08-09 07:25:31 +0000  copying file ./Payload/luDuan.app/Assets.car ... 
2026-08-09 07:25:31 +0000  1981720 bytes for ./Payload/luDuan.app/Assets.car
2026-08-09 07:25:31 +0000  copying file ./Payload/luDuan.app/badge_academic_hanlin.jpg ... 
2026-08-09 07:25:31 +0000  957610 bytes for ./Payload/luDuan.app/badge_academic_hanlin.jpg
2026-08-09 07:25:31 +0000  copying file ./Payload/luDuan.app/badge_chenshou.jpg ... 
2026-08-09 07:25:31 +0000  909761 bytes for ./Payload/luDuan.app/badge_chenshou.jpg
2026-08-09 07:25:31 +0000  copying file ./Payload/luDuan.app/badge_prac_30.png ... 
2026-08-09 07:25:31 +0000  60618 bytes for ./Payload/luDuan.app/badge_prac_30.png
2026-08-09 07:25:31 +0000  copying file ./Payload/luDuan.app/badge_prac_24.png ... 
2026-08-09 07:25:31 +0000  60874 bytes for ./Payload/luDuan.app/badge_prac_24.png
2026-08-09 07:25:31 +0000  copying file ./Payload/luDuan.app/theme_books.json ... 
2026-08-09 07:25:31 +0000  17780 bytes for ./Payload/luDuan.app/theme_books.json
2026-08-09 07:25:31 +0000  copying file ./Payload/luDuan.app/badge_prac_18.png ... 
2026-08-09 07:25:31 +0000  61270 bytes for ./Payload/luDuan.app/badge_prac_18.png
2026-08-09 07:25:31 +0000  copying file ./Payload/luDuan.app/shuihuzhuan.json ... 
2026-08-09 07:25:31 +0000  545 bytes for ./Payload/luDuan.app/shuihuzhuan.json
2026-08-09 07:25:31 +0000  copying file ./Payload/luDuan.app/AppIcon76x76@2x~ipad.png ... 
2026-08-09 07:25:31 +0000  35709 bytes for ./Payload/luDuan.app/AppIcon76x76@2x~ipad.png
2026-08-09 07:25:31 +0000  copying file ./Payload/luDuan.app/badge_prac_20.png ... 
2026-08-09 07:25:31 +0000  58879 bytes for ./Payload/luDuan.app/badge_prac_20.png
2026-08-09 07:25:31 +0000  copying file ./Payload/luDuan.app/badge_prac_34.png ... 
2026-08-09 07:25:31 +0000  61960 bytes for ./Payload/luDuan.app/badge_prac_34.png
2026-08-09 07:25:31 +0000  copying file ./Payload/luDuan.app/badge_zuchongzhi.jpg ... 
2026-08-09 07:25:31 +0000  882319 bytes for ./Payload/luDuan.app/badge_zuchongzhi.jpg
2026-08-09 07:25:31 +0000  copying file ./Payload/luDuan.app/badge_yuefei.jpg ... 
2026-08-09 07:25:31 +0000  1142347 bytes for ./Payload/luDuan.app/badge_yuefei.jpg
2026-08-09 07:25:31 +0000  copying file ./Payload/luDuan.app/badge_duruhui.jpg ... 
2026-08-09 07:25:31 +0000  1068336 bytes for ./Payload/luDuan.app/badge_duruhui.jpg
2026-08-09 07:25:31 +0000  copying file ./Payload/luDuan.app/badge_weizheng.jpg ... 
2026-08-09 07:25:31 +0000  966606 bytes for ./Payload/luDuan.app/badge_weizheng.jpg
2026-08-09 07:25:31 +0000  copying file ./Payload/luDuan.app/badge_dufu.jpg ... 
2026-08-09 07:25:31 +0000  576467 bytes for ./Payload/luDuan.app/badge_dufu.jpg
2026-08-09 07:25:31 +0000  copying file ./Payload/luDuan.app/badge_baozheng.jpg ... 
2026-08-09 07:25:31 +0000  1062465 bytes for ./Payload/luDuan.app/badge_baozheng.jpg
2026-08-09 07:25:31 +0000  copying file ./Payload/luDuan.app/badge_prac_35.png ... 
2026-08-09 07:25:31 +0000  61032 bytes for ./Payload/luDuan.app/badge_prac_35.png
2026-08-09 07:25:31 +0000  copying file ./Payload/luDuan.app/badge_prac_21.png ... 
2026-08-09 07:25:31 +0000  60863 bytes for ./Payload/luDuan.app/badge_prac_21.png
2026-08-09 07:25:31 +0000  copying file ./Payload/luDuan.app/huajianyuefu.json ... 
555 bytes for ./Payload/luDuan.app/huajianyuefu.json
2026-08-09 07:25:31 +0000  copying file ./Payload/luDuan.app/badge_prac_37.png ... 
2026-08-09 07:25:31 +0000  61216 bytes for ./Payload/luDuan.app/badge_prac_37.png
2026-08-09 07:25:31 +0000  copying file ./Payload/luDuan.app/badge_prac_23.png ... 
2026-08-09 07:25:31 +0000  59556 bytes for ./Payload/luDuan.app/badge_prac_23.png
2026-08-09 07:25:31 +0000  copying file ./Payload/luDuan.app/badge_huoqubing.jpg ... 
2026-08-09 07:25:31 +0000  766983 bytes for ./Payload/luDuan.app/badge_huoqubing.jpg
2026-08-09 07:25:31 +0000  copying file ./Payload/luDuan.app/badge_prac_8.png ... 
2026-08-09 07:25:31 +0000  61500 bytes for ./Payload/luDuan.app/badge_prac_8.png
2026-08-09 07:25:31 +0000  copying file ./Payload/luDuan.app/badge_prac_9.png ... 
2026-08-09 07:25:31 +0000  59564 bytes for ./Payload/luDuan.app/badge_prac_9.png
2026-08-09 07:25:31 +0000  copying file ./Payload/luDuan.app/badge_sunwu.jpg ... 
2026-08-09 07:25:31 +0000  1009381 bytes for ./Payload/luDuan.app/badge_sunwu.jpg
2026-08-09 07:25:31 +0000  copying file ./Payload/luDuan.app/badge_prac_22.png ... 
2026-08-09 07:25:31 +0000  58794 bytes for ./Payload/luDuan.app/badge_prac_22.png
2026-08-09 07:25:31 +0000  copying file ./Payload/luDuan.app/badge_prac_36.png ... 
2026-08-09 07:25:31 +0000  61262 bytes for ./Payload/luDuan.app/badge_prac_36.png
2026-08-09 07:25:31 +0000  copying file ./Payload/luDuan.app/sanguoyanyi.json ... 
2026-08-09 07:25:31 +0000  683 bytes for ./Payload/luDuan.app/sanguoyanyi.json
2026-08-09 07:25:31 +0000  copying file ./Payload/luDuan.app/zengguofanjiashu.json ... 
2026-08-09 07:25:31 +0000  344 bytes for ./Payload/luDuan.app/zengguofanjiashu.json
2026-08-09 07:25:31 +0000  copying file ./Payload/luDuan.app/fw_09.png ... 
2026-08-09 07:25:31 +0000  146426 bytes for ./Payload/luDuan.app/fw_09.png
2026-08-09 07:25:31 +0000  copying file ./Payload/luDuan.app/fw_08.png ... 
2026-08-09 07:25:31 +0000  114470 bytes for ./Payload/luDuan.app/fw_08.png
2026-08-09 07:25:31 +0000  copying file ./Payload/luDuan.app/badge_lusu.jpg ... 
2026-08-09 07:25:31 +0000  910917 bytes for ./Payload/luDuan.app/badge_lusu.jpg
2026-08-09 07:25:31 +0000  copying file ./Payload/luDuan.app/badge_zhouyu.jpg ... 
2026-08-09 07:25:31 +0000  1042301 bytes for ./Payload/luDuan.app/badge_zhouyu.jpg
2026-08-09 07:25:31 +0000  copying file ./Payload/luDuan.app/caigentan.json ... 
2026-08-09 07:25:31 +0000  383 bytes for ./Payload/luDuan.app/caigentan.json
copying file ./Payload/luDuan.app/shijing.json ... 
2026-08-09 07:25:31 +0000  1847 bytes for ./Payload/luDuan.app/shijing.json
2026-08-09 07:25:31 +0000  copying file ./Payload/luDuan.app/badge_bangu.jpg ... 
2026-08-09 07:25:31 +0000  881577 bytes for ./Payload/luDuan.app/badge_bangu.jpg
2026-08-09 07:25:31 +0000  copying file ./Payload/luDuan.app/sunzibingfa.json ... 
2026-08-09 07:25:31 +0000  644 bytes for ./Payload/luDuan.app/sunzibingfa.json
2026-08-09 07:25:31 +0000  copying file ./Payload/luDuan.app/badge_dumu.jpg ... 
2026-08-09 07:25:31 +0000  1231165 bytes for ./Payload/luDuan.app/badge_dumu.jpg
2026-08-09 07:25:31 +0000  copying file ./Payload/luDuan.app/badge_baijuyi.jpg ... 
2026-08-09 07:25:31 +0000  966721 bytes for ./Payload/luDuan.app/badge_baijuyi.jpg
2026-08-09 07:25:31 +0000  copying file ./Payload/luDuan.app/badge_zengguofan.jpg ... 
2026-08-09 07:25:31 +0000  892613 bytes for ./Payload/luDuan.app/badge_zengguofan.jpg
2026-08-09 07:25:31 +0000  copying file ./Payload/luDuan.app/xiyouji.json ... 
340 bytes for ./Payload/luDuan.app/xiyouji.json
2026-08-09 07:25:31 +0000  copying file ./Payload/luDuan.app/zhouyi.json ... 
2026-08-09 07:25:31 +0000  426 bytes for ./Payload/luDuan.app/zhouyi.json
2026-08-09 07:25:31 +0000  copying file ./Payload/luDuan.app/badge_wanganshi.jpg ... 
2026-08-09 07:25:31 +0000  979758 bytes for ./Payload/luDuan.app/badge_wanganshi.jpg
2026-08-09 07:25:31 +0000  copying file ./Payload/luDuan.app/badges.json ... 
2026-08-09 07:25:31 +0000  51630 bytes for ./Payload/luDuan.app/badges.json
2026-08-09 07:25:31 +0000  copying file ./Payload/luDuan.app/embedded.mobileprovision ... 
2026-08-09 07:25:31 +0000  14267 bytes for ./Payload/luDuan.app/embedded.mobileprovision
2026-08-09 07:25:31 +0000  copying file ./Payload/luDuan.app/badge_hanyu.jpg ... 
2026-08-09 07:25:31 +0000  1065247 bytes for ./Payload/luDuan.app/badge_hanyu.jpg
2026-08-09 07:25:31 +0000  copying file ./Payload/luDuan.app/badge_guojia.jpg ... 
2026-08-09 07:25:31 +0000  980980 bytes for ./Payload/luDuan.app/badge_guojia.jpg
2026-08-09 07:25:31 +0000  copying file ./Payload/luDuan.app/zhuangzi.json ... 
2026-08-09 07:25:31 +0000  546 bytes for ./Payload/luDuan.app/zhuangzi.json
copying file ./Payload/luDuan.app/badge_xiangyu.jpg ... 
2026-08-09 07:25:31 +0000  684651 bytes for ./Payload/luDuan.app/badge_xiangyu.jpg
2026-08-09 07:25:31 +0000  copying file ./Payload/luDuan.app/badge_zhengchenggong.jpg ... 
2026-08-09 07:25:31 +0000  1144516 bytes for ./Payload/luDuan.app/badge_zhengchenggong.jpg
2026-08-09 07:25:31 +0000  copying file ./Payload/luDuan.app/daodejing.json ... 
2026-08-09 07:25:31 +0000  367 bytes for ./Payload/luDuan.app/daodejing.json
copying file ./Payload/luDuan.app/Info.plist ... 
2026-08-09 07:25:31 +0000  1536 bytes for ./Payload/luDuan.app/Info.plist
2026-08-09 07:25:31 +0000  copying file ./Payload/luDuan.app/houhanshu.json ... 
2026-08-09 07:25:31 +0000  500 bytes for ./Payload/luDuan.app/houhanshu.json
2026-08-09 07:25:31 +0000  copying file ./Payload/luDuan.app/badge_weiqing.jpg ... 
2026-08-09 07:25:31 +0000  1095352 bytes for ./Payload/luDuan.app/badge_weiqing.jpg
2026-08-09 07:25:31 +0000  copying file ./Payload/luDuan.app/badge_xinqiji.jpg ... 
2026-08-09 07:25:31 +0000  956766 bytes for ./Payload/luDuan.app/badge_xinqiji.jpg
2026-08-09 07:25:31 +0000  copying file ./Payload/luDuan.app/wenxindiaolong.json ... 
2026-08-09 07:25:31 +0000  503 bytes for ./Payload/luDuan.app/wenxindiaolong.json
copying file ./Payload/luDuan.app/badge_prac_40.png ... 
2026-08-09 07:25:31 +0000  60762 bytes for ./Payload/luDuan.app/badge_prac_40.png
2026-08-09 07:25:31 +0000  copying file ./Payload/luDuan.app/badge_liuzongyuan.jpg ... 
2026-08-09 07:25:31 +0000  1000816 bytes for ./Payload/luDuan.app/badge_liuzongyuan.jpg
2026-08-09 07:25:31 +0000  copying file ./Payload/luDuan.app/badge_caocao.jpg ... 
2026-08-09 07:25:31 +0000  959021 bytes for ./Payload/luDuan.app/badge_caocao.jpg
2026-08-09 07:25:31 +0000  copying file ./Payload/luDuan.app/PkgInfo ... 
8 bytes for ./Payload/luDuan.app/PkgInfo
2026-08-09 07:25:31 +0000  copying file ./Payload/luDuan.app/badge_hanxin.jpg ... 
2026-08-09 07:25:31 +0000  976083 bytes for ./Payload/luDuan.app/badge_hanxin.jpg
2026-08-09 07:25:31 +0000  copying file ./Payload/luDuan.app/badge_taoyuanming.jpg ... 
2026-08-09 07:25:31 +0000  1105157 bytes for ./Payload/luDuan.app/badge_taoyuanming.jpg
2026-08-09 07:25:31 +0000  copying file ./Payload/luDuan.app/badge_academic_xiucai.jpg ... 
2026-08-09 07:25:31 +0000  1072512 bytes for ./Payload/luDuan.app/badge_academic_xiucai.jpg
2026-08-09 07:25:31 +0000  copying file ./Payload/luDuan.app/badge_academic_shoufu.jpg ... 
2026-08-09 07:25:31 +0000  1018357 bytes for ./Payload/luDuan.app/badge_academic_shoufu.jpg
2026-08-09 07:25:31 +0000  copying file ./Payload/luDuan.app/badge_simaguang.jpg ... 
2026-08-09 07:25:31 +0000  1069793 bytes for ./Payload/luDuan.app/badge_simaguang.jpg
2026-08-09 07:25:31 +0000  copying file ./Payload/luDuan.app/zhongyong.json ... 
2026-08-09 07:25:31 +0000  346 bytes for ./Payload/luDuan.app/zhongyong.json
2026-08-09 07:25:31 +0000  copying file ./Symbols/51BE5005-174F-3A78-8CA2-8DA2114C178A.symbols ... 
2026-08-09 07:25:31 +0000  2577516 bytes for ./Symbols/51BE5005-174F-3A78-8CA2-8DA2114C178A.symbols
2026-08-09 07:25:31 +0000 [MT] /usr/bin/ditto exited with 0
2026-08-09 07:25:31 +0000 [MT] Processing step: IDEDistributionAppStoreInformationStep
2026-08-09 07:25:31 +0000 [MT] Skipping step: IDEDistributionAppStoreInformationStep because it said so
2026-08-09 07:25:31 +0000 [MT] Processing step: IDEDistributionGenerateProcessedDistributionItems
2026-08-09 07:25:31 +0000 [MT] IDEDistributionItem init <DVTFilePath:0x78d66e3840:'/var/folders/yh/r0cs71bs4lsb1sdr_7wk998r0000gn/T/XcodeDistPipeline.~~~ktIa6u/Root/Payload/luDuan.app'>
2026-08-09 07:25:31 +0000 [MT] Processing step: IDEDistributionCreateManifestStep
2026-08-09 07:25:31 +0000 [MT] Skipping step: IDEDistributionCreateManifestStep because it said so
